<testsuites id="" name="" tests="1" failures="1" skipped="0" errors="0" time="12.225332">
<testsuite name="crm/tasks.spec.ts" timestamp="2025-10-18T03:29:18.211Z" hostname="chromium" tests="1" failures="1" skipped="0" time="7.049" errors="0">
<testcase name="CRM Task Manager interactions › supports switching between Kanban and List views" classname="crm/tasks.spec.ts" time="7.049">
<failure message="tasks.spec.ts:6:3 supports switching between Kanban and List views" type="FAILURE">
<![CDATA[  [chromium] › crm/tasks.spec.ts:6:3 › CRM Task Manager interactions › supports switching between Kanban and List views 

    Error: expect(locator).toBeVisible() failed

    Locator:  getByRole('heading', { name: 'Tasks' })
    Expected: visible
    Received: <element(s) not found>
    Timeout:  5000ms

    Call log:
      - Expect "toBeVisible" with timeout 5000ms
      - waiting for getByRole('heading', { name: 'Tasks' })


       7 |     await page.goto('/crm/tasks');
       8 |
    >  9 |     await expect(page.getByRole('heading', { name: 'Tasks' })).toBeVisible();
         |                                                                ^
      10 |     await expect(page.getByText(CRM_TASK_MATCHER)).toBeVisible();
      11 |
      12 |     await page.getByRole('tab', { name: 'List' }).click();
        at /root/agents/tests/e2e/crm/tasks.spec.ts:9:64

    attachment #1: screenshot (image/png) ──────────────────────────────────────────────────────────
    ../../test-results/artifacts/crm-tasks-CRM-Task-Manager-fe190-tween-Kanban-and-List-views-chromium/test-failed-1.png
    ────────────────────────────────────────────────────────────────────────────────────────────────

    attachment #2: video (video/webm) ──────────────────────────────────────────────────────────────
    ../../test-results/artifacts/crm-tasks-CRM-Task-Manager-fe190-tween-Kanban-and-List-views-chromium/video.webm
    ────────────────────────────────────────────────────────────────────────────────────────────────

    Error Context: ../../test-results/artifacts/crm-tasks-CRM-Task-Manager-fe190-tween-Kanban-and-List-views-chromium/error-context.md
]]>
</failure>
<system-out>
<![CDATA[
[[ATTACHMENT|artifacts/crm-tasks-CRM-Task-Manager-fe190-tween-Kanban-and-List-views-chromium/test-failed-1.png]]

[[ATTACHMENT|artifacts/crm-tasks-CRM-Task-Manager-fe190-tween-Kanban-and-List-views-chromium/video.webm]]

[[ATTACHMENT|artifacts/crm-tasks-CRM-Task-Manager-fe190-tween-Kanban-and-List-views-chromium/error-context.md]]
]]>
</system-out>
</testcase>
</testsuite>
</testsuites>